
 ⛅️ wrangler 4.116.0 (update available 4.123.0)
───────────────────────────────────────────────
Your Worker has access to the following bindings:
Binding                                                                          Resource                  Mode
env.KV (d5e943d023d0474382b04b3c15c47ffb)                                        KV Namespace              local
env.DB (tv-service-db)                                                           D1 Database               local
env.ADMIN_KEY ("admin-key-please-change-in-production")                          Environment Variable      local
env.TIMEZONE ("Asia/Shanghai")                                                   Environment Variable      local
env.RESEND_API_KEY ("re_SV65wtWn_6zDFiwGvPFRRv3gbcLDACDKe")                      Environment Variable      local
env.FROM_EMAIL ("support@iptv-search.com")                                       Environment Variable      local
env.APP_URL ("https://iptv-search.com")                                          Environment Variable      local
env.XUNHUPAY_ALIPAY_APP_ID ("202303140161")                                      Environment Variable      local
env.XUNHUPAY_ALIPAY_APP_SECRET ("9265ede6d1d85a9ecb7cbf2b97ca0cbd")              Environment Variable      local
env.XUNHUPAY_WECHAT_APP_ID ("")                                                  Environment Variable      local
env.XUNHUPAY_WECHAT_APP_SECRET ("")                                              Environment Variable      local
env.XUNHUPAY_GATEWAY ("https://api.xunhuweb.com/payment/do.h...")                Environment Variable      local
env.GOOGLE_CLIENT_ID ("1070165774283-e75bs3en213p81iaq3g5dmp...")                Environment Variable      local
env.GOOGLE_CLIENT_SECRET ("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")                 Environment Variable      local

⎔ Starting local server...
[33m▲ [43;33m[[43;30mWARNING[43;33m][0m [1mScheduled Workers are not automatically triggered during local development.[0m

  To manually trigger a scheduled event, run:
    curl "http://127.0.0.1:8787/cdn-cgi/handler/scheduled"
  For more details, see [4mhttps://developers.cloudflare.com/workers/configuration/cron-triggers/#test-cron-triggers-locally[0m


Wrangler detected this dev session is running in an AI agent.
The Local Explorer API is available at http://127.0.0.1:8787/cdn-cgi/explorer/api
Useful routes:
  GET http://127.0.0.1:8787/cdn-cgi/explorer/api/local/workers - local Workers and bindings
  GET http://127.0.0.1:8787/cdn-cgi/explorer/api/storage/kv/namespaces - KV namespaces
  GET http://127.0.0.1:8787/cdn-cgi/explorer/api/d1/database - D1 databases
  GET http://127.0.0.1:8787/cdn-cgi/explorer/api/r2/buckets - R2 buckets
  GET http://127.0.0.1:8787/cdn-cgi/explorer/api/workers/durable_objects/namespaces - Durable Object namespaces
  GET http://127.0.0.1:8787/cdn-cgi/explorer/api/workflows - Workflows
  POST http://127.0.0.1:8787/cdn-cgi/explorer/api/local/observability/query - run a read-only SQL query (SELECT/WITH only) over captured request traces and console logs. Tables: spans, logs (read attributes via json(attributes)). Example:
    curl -X POST http://127.0.0.1:8787/cdn-cgi/explorer/api/local/observability/query -H 'Content-Type: application/json' -d '{"sql":"SELECT service, name, outcome, duration_ms FROM spans WHERE parent_id IS NULL LIMIT 20"}'
If the routes above don't cover what you need, fetch the full OpenAPI schema (large - use only as a last resort):
  GET http://127.0.0.1:8787/cdn-cgi/explorer/api - OpenAPI schema
[wrangler:info] Ready on http://127.0.0.1:8787
channels.original column already exists
Database: channels type index created or already exists
Database: Cleaned up old type_mapping_config from settings
Database: channel_type_mapping table created with group_title and description
Database: subscription_ips table created or already exists
Database: subscription_ips indexes created or already exist
Database: ad_ts_files table created or already exists
Database: ad_ts_files indexes created or already exist
Database: ad_bindings table created or already exists
Database: ad_bindings indexes created or already exist
Database: ad_play_logs table created or already exists
Database: ad_play_logs indexes created or already exist
Database: checkin_records table created or already exists
Database: checkin_records indexes created or already exist
Database: users table created or already exists
Database: email_verifications table created or already exists
Database: user_sessions table created or already exists
Database: user_orders table created or already exists
Database: password_reset_tokens table created or already exists
Database: payment_methods table created or already exists
Database: mall_settings table created or already exists
Database: subscription_plans table created or already exists
Database: xunhupay_orders table created or already exists
[31m✘ [41;31m[[41;97mERROR[41;31m][0m [1mDatabase: Failed to initialize payment methods: Error: D1_ERROR: unrecognized token: "{" at offset 113: SQLITE_ERROR[0m

      at D1DatabaseSessionAlwaysPrimary._sendOrThrow (cloudflare-internal:d1-api:146:19)
      at null.<anonymous> (async cloudflare-internal:d1-api:361:41)
      ... 3 lines matching cause stack trace ...
      at async drainBody (file:///D:/Desktop/cfworker2/node_modules/wrangler/templates/middleware/middleware-ensure-req-body-drained.ts:5:10) {
    [cause]: Error: unrecognized token: "{" at offset 113: SQLITE_ERROR
        at D1DatabaseSessionAlwaysPrimary._sendOrThrow (cloudflare-internal:d1-api:147:24)
        at null.<anonymous> (async cloudflare-internal:d1-api:361:41)
        at async createTables (file:///D:/Desktop/cfworker2/database.js:803:7)
        at async Object.fetch (file:///D:/Desktop/cfworker2/worker.js:729:7)
        at async jsonError (file:///D:/Desktop/cfworker2/node_modules/wrangler/templates/middleware/middleware-miniflare3-json-error.ts:22:10)
        at async drainBody (file:///D:/Desktop/cfworker2/node_modules/wrangler/templates/middleware/middleware-ensure-req-body-drained.ts:5:10)
  }


Database: domain_blacklist table created or already exists
Database: tickets table created or already exists
Database: tickets indexes created or already exist
Database: ticket_replies table created or already exists
Database: ticket_replies indexes created or already exist
Tables created successfully
Cache initialized
[Router] Processing path: /subscription
[wrangler:info] GET /subscription 200 OK (551ms)
[Router] Processing path: /subscription
[wrangler:info] GET /subscription 200 OK (14ms)
⎔ Reloading local server...
⎔ Local server updated and ready
⎔ Reloading local server...
⎔ Local server updated and ready
⎔ Reloading local server...
⎔ Local server updated and ready
⎔ Reloading local server...
⎔ Local server updated and ready
⎔ Reloading local server...
⎔ Local server updated and ready
⎔ Reloading local server...
⎔ Local server updated and ready
channels.original column already exists
Database: channels type index created or already exists
Database: Cleaned up old type_mapping_config from settings
Database: channel_type_mapping table created with group_title and description
Database: subscription_ips table created or already exists
Database: subscription_ips indexes created or already exist
Database: ad_ts_files table created or already exists
Database: ad_ts_files indexes created or already exist
Database: ad_bindings table created or already exists
Database: ad_bindings indexes created or already exist
Database: ad_play_logs table created or already exists
Database: ad_play_logs indexes created or already exist
Database: checkin_records table created or already exists
Database: checkin_records indexes created or already exist
Database: users table created or already exists
Database: email_verifications table created or already exists
Database: user_sessions table created or already exists
Database: user_orders table created or already exists
Database: password_reset_tokens table created or already exists
Database: payment_methods table created or already exists
Database: mall_settings table created or already exists
Database: subscription_plans table created or already exists
Database: xunhupay_orders table created or already exists
Database: domain_blacklist table created or already exists
Database: tickets table created or already exists
Database: tickets indexes created or already exist
Database: ticket_replies table created or already exists
Database: ticket_replies indexes created or already exist
Tables created successfully
Cache initialized
[Router] Processing path: /account
[wrangler:info] GET /account 200 OK (255ms)
[Router] Processing path: /subscription
[wrangler:info] GET /subscription 200 OK (7ms)
[Router] Processing path: /account
[wrangler:info] GET /account 200 OK (3ms)
[Router] Processing path: /subscription
[wrangler:info] GET /subscription 200 OK (20ms)
[Router] Processing path: /subscription
[wrangler:info] GET /subscription 200 OK (24ms)
⎔ Reloading local server...
⎔ Local server updated and ready
⎔ Reloading local server...
⎔ Local server updated and ready
⎔ Reloading local server...
⎔ Local server updated and ready
⎔ Reloading local server...
⎔ Local server updated and ready
⎔ Reloading local server...
⎔ Local server updated and ready
⎔ Reloading local server...
⎔ Local server updated and ready
⎔ Reloading local server...
⎔ Local server updated and ready
⎔ Reloading local server...
⎔ Local server updated and ready
⎔ Reloading local server...
⎔ Local server updated and ready
channels.original column already exists
Database: channels type index created or already exists
Database: Cleaned up old type_mapping_config from settings
Database: channel_type_mapping table created with group_title and description
Database: subscription_ips table created or already exists
Database: subscription_ips indexes created or already exist
Database: ad_ts_files table created or already exists
Database: ad_ts_files indexes created or already exist
Database: ad_bindings table created or already exists
Database: ad_bindings indexes created or already exist
Database: ad_play_logs table created or already exists
Database: ad_play_logs indexes created or already exist
Database: checkin_records table created or already exists
Database: checkin_records indexes created or already exist
Database: users table created or already exists
Database: email_verifications table created or already exists
Database: user_sessions table created or already exists
Database: user_orders table created or already exists
Database: password_reset_tokens table created or already exists
Database: payment_methods table created or already exists
Database: mall_settings table created or already exists
Database: subscription_plans table created or already exists
Database: xunhupay_orders table created or already exists
Database: domain_blacklist table created or already exists
Database: tickets table created or already exists
Database: tickets indexes created or already exist
Database: ticket_replies table created or already exists
Database: ticket_replies indexes created or already exist
Tables created successfully
Cache initialized
[Router] Processing path: /subscription
[wrangler:info] GET /subscription 200 OK (280ms)
[Router] Processing path: /subscription
[wrangler:info] GET /subscription 200 OK (18ms)
[Router] Processing path: /api/subscription/topics
[wrangler:info] GET /api/subscription/topics 200 OK (25ms)
[Router] Processing path: /api/auth/user
[wrangler:info] GET /api/auth/user 401 Unauthorized (3ms)
[Router] Processing path: /api/auth/user
[wrangler:info] GET /api/auth/user 401 Unauthorized (5ms)
[Router] Processing path: /api/auth/orders
[wrangler:info] POST /api/auth/orders 401 Unauthorized (23ms)
[Router] Processing path: /api/auth/user
[wrangler:info] GET /api/auth/user 401 Unauthorized (2ms)
[Router] Processing path: /
[wrangler:info] GET / 200 OK (50ms)
[Router] Processing path: /api/auth/user
[wrangler:info] GET /api/auth/user 401 Unauthorized (4ms)
[Router] Processing path: /api/auth/user
[wrangler:info] GET /api/auth/user 401 Unauthorized (4ms)
[Router] Processing path: /api/auth/user
[wrangler:info] GET /api/auth/user 401 Unauthorized (4ms)
[Router] Processing path: /api/auth/orders
[wrangler:info] GET /api/auth/orders 401 Unauthorized (24ms)
[Router] Processing path: /api/auth/user
[wrangler:info] GET /api/auth/user 401 Unauthorized (5ms)
[Router] Processing path: /api/auth/orders
[wrangler:info] GET /api/auth/orders 401 Unauthorized (30ms)
[Router] Processing path: /api/subscription/xunhupay/check-order
[wrangler:info] GET /api/subscription/xunhupay/check-order 401 Unauthorized (21ms)
[Router] Processing path: /sub/
[wrangler:info] GET /sub/ 404 Not Found (3ms)
[Router] Processing path: /api/admin/test-db
[wrangler:info] GET /api/admin/test-db 404 Not Found (2ms)
[Router] Processing path: /account
[wrangler:info] GET /account 200 OK (3ms)
[Router] Processing path: /account
[wrangler:info] GET /account 200 OK (2ms)
[Router] Processing path: /account
[wrangler:info] GET /account 200 OK (4ms)
[Router] Processing path: /account
[wrangler:info] GET /account 200 OK (2ms)
[Router] Processing path: /account
[wrangler:info] GET /account 200 OK (3ms)
[Router] Processing path: /api/auth/user
[wrangler:info] GET /api/auth/user 401 Unauthorized (5ms)
[Router] Processing path: /api/subscription/xunhupay/check-order
[wrangler:info] GET /api/subscription/xunhupay/check-order 401 Unauthorized (2ms)
[Router] Processing path: /api/subscription/xunhupay/check-order
[wrangler:info] GET /api/subscription/xunhupay/check-order 401 Unauthorized (3ms)
[Router] Processing path: /account
[wrangler:info] GET /account 200 OK (6ms)
[Router] Processing path: /account
[wrangler:info] GET /account 200 OK (2ms)
[Router] Processing path: /account
[wrangler:info] GET /account 200 OK (4ms)
[Router] Processing path: /account
[wrangler:info] GET /account 200 OK (2ms)
[Router] Processing path: /account
[wrangler:info] GET /account 200 OK (4ms)
[Router] Processing path: /api/auth/login
[wrangler:info] POST /api/auth/login 404 Not Found (24ms)
[Router] Processing path: /api/subscription/xunhupay/create-order
[wrangler:info] POST /api/subscription/xunhupay/create-order 401 Unauthorized (5ms)
[Router] Processing path: /api/auth/login
[wrangler:info] POST /api/auth/login 401 Unauthorized (23ms)
[Router] Processing path: /api/auth/register
[wrangler:info] POST /api/auth/register 400 Bad Request (28ms)
[Router] Processing path: /api/subscription/xunhupay/simulate-success
[wrangler:info] POST /api/subscription/xunhupay/simulate-success 401 Unauthorized (3ms)
[Router] Processing path: /api/auth/login
[wrangler:info] POST /api/auth/login 401 Unauthorized (9ms)
[Router] Processing path: /api/auth/login
[wrangler:info] POST /api/auth/login 401 Unauthorized (5ms)
[Router] Processing path: /api/auth/login
[wrangler:info] POST /api/auth/login 401 Unauthorized (5ms)
[Router] Processing path: /account
[wrangler:info] GET /account 200 OK (4ms)
[Router] Processing path: /account
[wrangler:info] GET /account 200 OK (3ms)
[Router] Processing path: /api/auth/register
[wrangler:info] POST /api/auth/register 400 Bad Request (28ms)
[Router] Processing path: /api/auth/google/debug
[wrangler:info] GET /api/auth/google/debug 200 OK (36ms)
[Router] Processing path: /api/auth/user
[wrangler:info] GET /api/auth/user 401 Unauthorized (19ms)
[Router] Processing path: /api/auth/google/debug
[wrangler:info] GET /api/auth/google/debug 200 OK (34ms)
[Router] Processing path: /api/auth/user
[wrangler:info] GET /api/auth/user 401 Unauthorized (18ms)
[Router] Processing path: /api/auth/orders
[wrangler:info] GET /api/auth/orders 401 Unauthorized (18ms)
[Router] Processing path: /api/admin/test-db
[wrangler:info] GET /api/admin/test-db 404 Not Found (4ms)
[Router] Processing path: /account
[wrangler:info] GET /account 200 OK (3ms)
[Router] Processing path: /account
[wrangler:info] GET /account 200 OK (4ms)
[Router] Processing path: /api/auth/login
[wrangler:info] POST /api/auth/login 401 Unauthorized (27ms)
[Router] Processing path: /api/auth/register
[wrangler:info] POST /api/auth/register 400 Bad Request (20ms)
[Router] Processing path: /api/auth/send-code
发送邮件到: debugiptvtest@test.com 主题: 邮箱验证 - TV Live Service
Resend API 响应状态: 200
邮件发送成功: { id: '09632b85-2c8e-47e8-acdd-0681805cd595' }
[wrangler:info] POST /api/auth/send-code 200 OK (3111ms)
[Router] Processing path: /api/auth/register
[wrangler:info] POST /api/auth/register 400 Bad Request (25ms)
[Router] Processing path: /api/admin/debug-verification
[wrangler:info] GET /api/admin/debug-verification 404 Not Found (3ms)
[Router] Processing path: /api/auth/register
[wrangler:info] POST /api/auth/register 400 Bad Request (21ms)
[Router] Processing path: /api/auth/login
[wrangler:info] POST /api/auth/login 404 Not Found (18ms)
[Router] Processing path: /__logs
[wrangler:info] GET /__logs 404 Not Found (3ms)
[Router] Processing path: /api/debug/db
[wrangler:info] GET /api/debug/db 404 Not Found (2ms)
[Router] Processing path: /account
[wrangler:info] GET /account 200 OK (5ms)
[Router] Processing path: /api/auth/login
[wrangler:info] POST /api/auth/login 404 Not Found (8ms)
[Router] Processing path: /api/auth/login
[wrangler:info] POST /api/auth/login 401 Unauthorized (19ms)
[Router] Processing path: /account
[wrangler:info] GET /account 200 OK (4ms)
[Router] Processing path: /api/auth/google/callback
[wrangler:info] GET /api/auth/google/callback 400 Bad Request (6ms)
[Router] Processing path: /api/subscription/xunhupay/check-order
[wrangler:info] GET /api/subscription/xunhupay/check-order 401 Unauthorized (23ms)
[Router] Processing path: /sub/test.m3u
[33m▲ [43;33m[[43;30mWARNING[43;33m][0m [1m[IP] No client IP found in headers, using 127.0.0.1 for local development[0m


[IP] Request headers: { cfIP: null, xForwardedFor: null, xRealIP: null }
[31m✘ [41;31m[[41;97mERROR[41;31m][0m [1mWorker error: Error: D1_ERROR: no such column: c.sub_mode at offset 59: SQLITE_ERROR[0m

      at D1DatabaseSessionAlwaysPrimary._sendOrThrow (cloudflare-internal:d1-api:146:19)
      at null.<anonymous> (async cloudflare-internal:d1-api:331:39)
      ... 3 lines matching cause stack trace ...
      at async drainBody (file:///D:/Desktop/cfworker2/node_modules/wrangler/templates/middleware/middleware-ensure-req-body-drained.ts:5:10) {
    [cause]: Error: no such column: c.sub_mode at offset 59: SQLITE_ERROR
        at D1DatabaseSessionAlwaysPrimary._sendOrThrow (cloudflare-internal:d1-api:147:24)
        at null.<anonymous> (async cloudflare-internal:d1-api:331:39)
        at async handleSubRequest (file:///D:/Desktop/cfworker2/handlers/sub.js:104:16)
        at async Object.fetch (file:///D:/Desktop/cfworker2/worker.js:1639:14)
        at async jsonError (file:///D:/Desktop/cfworker2/node_modules/wrangler/templates/middleware/middleware-miniflare3-json-error.ts:22:10)
        at async drainBody (file:///D:/Desktop/cfworker2/node_modules/wrangler/templates/middleware/middleware-ensure-req-body-drained.ts:5:10)
  }


[wrangler:info] GET /sub/test.m3u 500 Internal Server Error (29ms)
[Router] Processing path: /account
[wrangler:info] GET /account 200 OK (4ms)
[Router] Processing path: /account
[wrangler:info] GET /account 200 OK (4ms)
[Router] Processing path: /api/auth/login
[wrangler:info] POST /api/auth/login 401 Unauthorized (24ms)
[Router] Processing path: /admin
[wrangler:info] GET /admin 200 OK (4ms)
[Router] Processing path: /api/auth/orders
[wrangler:info] GET /api/auth/orders 401 Unauthorized (18ms)
[Router] Processing path: /api/auth/send-code
发送邮件到: testdebug123@test.com 主题: 邮箱验证 - TV Live Service
Resend API 响应状态: 200
邮件发送成功: { id: 'e66769ea-f966-4628-9b44-da28837d5580' }
[wrangler:info] POST /api/auth/send-code 200 OK (2174ms)
[Router] Processing path: /api/auth/register
[wrangler:info] POST /api/auth/register 400 Bad Request (23ms)
[Router] Processing path: /api/debug/queue
[wrangler:info] GET /api/debug/queue 404 Not Found (3ms)
[Router] Processing path: /admin
[wrangler:info] GET /admin 200 OK (4ms)
[Router] Processing path: /admin
[wrangler:info] GET /admin 200 OK (4ms)
[Router] Processing path: /api/auth/login
[wrangler:info] POST /api/auth/login 401 Unauthorized (24ms)
[Router] Processing path: /api/debug/create-session
[wrangler:info] GET /api/debug/create-session 404 Not Found (3ms)
[Router] Processing path: /api/auth/google/init
[wrangler:info] GET /api/auth/google/init 200 OK (27ms)
[Router] Processing path: /api/auth/user
[wrangler:info] GET /api/auth/user 401 Unauthorized (24ms)
[Router] Processing path: /api/auth/user
[wrangler:info] GET /api/auth/user 401 Unauthorized (26ms)
[Router] Processing path: /api/auth/user
[Router] Processing path: /api/auth/user
[wrangler:info] GET /api/auth/user 401 Unauthorized (29ms)
[wrangler:info] GET /api/auth/user 401 Unauthorized (31ms)
[Router] Processing path: /api/auth/google/debug
[wrangler:info] GET /api/auth/google/debug 200 OK (10ms)
[Router] Processing path: /account
[wrangler:info] GET /account 200 OK (3ms)
[Router] Processing path: /account
[wrangler:info] GET /account 200 OK (3ms)
⎔ Reloading local server...
⎔ Local server updated and ready
channels.original column already exists
Database: channels type index created or already exists
Database: Cleaned up old type_mapping_config from settings
Database: channel_type_mapping table created with group_title and description
Database: subscription_ips table created or already exists
Database: subscription_ips indexes created or already exist
Database: ad_ts_files table created or already exists
Database: ad_ts_files indexes created or already exist
Database: ad_bindings table created or already exists
Database: ad_bindings indexes created or already exist
Database: ad_play_logs table created or already exists
Database: ad_play_logs indexes created or already exist
Database: checkin_records table created or already exists
Database: checkin_records indexes created or already exist
Database: users table created or already exists
Database: email_verifications table created or already exists
Database: user_sessions table created or already exists
Database: user_orders table created or already exists
Database: password_reset_tokens table created or already exists
Database: payment_methods table created or already exists
Database: mall_settings table created or already exists
Database: subscription_plans table created or already exists
Database: xunhupay_orders table created or already exists
Database: domain_blacklist table created or already exists
Database: tickets table created or already exists
Database: tickets indexes created or already exist
Database: ticket_replies table created or already exists
Database: ticket_replies indexes created or already exist
Tables created successfully
Cache initialized
[Router] Processing path: /api/auth/login
[wrangler:info] POST /api/auth/login 401 Unauthorized (348ms)
[Router] Processing path: /api/auth/login
[wrangler:info] POST /api/auth/login 401 Unauthorized (44ms)
[Router] Processing path: /account
[wrangler:info] GET /account 200 OK (4ms)
⎔ Reloading local server...
*** std::terminate() called with no exception

[31m✘ [41;31m[[41;97mERROR[41;31m][0m [1mThe Workers runtime failed to start. There was likely a problem with the workerd binary or your configuration.[0m

  Runtime stderr:
  *** std::terminate() called with no exception
  stack: 7fff4e221249 7ff736b263a5 7fff4e23baff 7fff4e223a9c 7fff4e23ae8c 7fff4e222ce1 7fff4e23b8f7 7fff767e4b3e 7fff766c2102 7fff4e23b3d5 7fff4e221c1f 7fff4e222dd7 7fff4e23b8f7 7fff767e4abe 7fff766c5e96 7fff7670d010 7fff73e11879 7fff4e2255a8 7ff7381b045f 7ff736b25f63 7ff7381b5512 7ff7381bc416 7ff7381b5a6b 7ff7381bc416 7ff7381b2fbb 7ff736b11e77 7ff739fe219e 7fff754bccb6 7fff7672ad6b


[32mIf you think this is a bug then please create an issue at https://github.com/cloudflare/workers-sdk/issues/new/choose[0m
Note that there is a newer version of Wrangler available (4.123.0). Consider checking whether upgrading resolves this error.
🪵  Logs were written to "C:\Users\60270\AppData\Roaming\xdg.config\.wrangler\logs\wrangler-2026-08-16_09-19-05_470.log"
